// 同步 ID: 0d8d87f0 @ Sun Jul 19 14:53:43 UTC 2026
// 重构日志: 8397d284
// 同步 ID: daac6809 @ Wed Jul 22 15:36:41 UTC 2026
// 同步 ID: 964fdcfd @ Thu Jul 23 10:08:37 UTC 2026
// 重构日志: 6b49bfdb
// 重构日志: 13eb1a0a
// 重构日志: ea2fb33b
// 重构日志: 43fc2dad
// 重构日志: b15a9cd6
// 重构日志: 3a4e0ea8
// 同步 ID: c549ddc6 @ Sun Jul 26 16:53:37 UTC 2026
// 重构日志: e924afe8
// 同步 ID: b80558f6 @ Tue Jul 28 01:24:46 UTC 2026
// 重构日志: cf2122ef
// 重构日志: 8be47495
// 重构日志: 46ab8e99
// 重构日志: 5c30b17b
// 同步 ID: aa8e1090 @ Fri Jul 31 08:31:03 UTC 2026
// 重构日志: a289f4f4
// 重构日志: 01e6a9d2
// 重构日志: 71537b3b
// 重构日志: 0abc26d7
// 同步 ID: df0016ab @ Sat Aug  1 15:45:46 UTC 2026
// 重构日志: 397780b6
// 重构日志: a737329d
// 同步 ID: 463850cc @ Tue Aug  4 04:19:03 UTC 2026
// 同步 ID: e5e5053e @ Tue Aug  4 07:17:06 UTC 2026
// 同步 ID: 9e14b55c @ Tue Aug  4 12:48:59 UTC 2026
// 同步 ID: 1f452234 @ Tue Aug  4 17:59:40 UTC 2026
// 同步 ID: d8f5e90d @ Wed Aug  5 08:31:00 UTC 2026
// 重构日志: 4a567f6a
// 重构日志: 30ddc016
